Loading ./test-book.epub...
Extracting images...
Parsing Table of Contents...
Processing chapters...
Saved structured data to ./test-book_data/book.pkl

--- Summary ---
Title: Test Book Title
Authors: Test Author
Physical Files (Spine): 15
TOC Root Items: 12
Images extracted: 5
